== cloudflare.com ==
[gai] Simulating name resolution for "cloudflare.com"...

  (reality check via 168.63.129.16, systemd-resolved stub: true)

RESOLUTION PATH (simulated):
  1. Files          NOT FOUND
  2. Dns            FOUND  2606:4700::6810:84e5, 2606:4700::6810:85e5, 104.16.133.229, 104.16.132.229

DIAGNOSIS:
  ┌─ OK ─────────────────────────────────────────────────────────────────────┐
  │ Resolution succeeded and matches direct DNS. No discrepancy found.       │
  └──────────────────────────────────────────────────────────────────────────┘
== github.com ==
[gai] Simulating name resolution for "github.com"...

  (reality check via 168.63.129.16, systemd-resolved stub: true)

RESOLUTION PATH (simulated):
  1. Files          NOT FOUND
  2. Dns            FOUND  172.182.252.133

DIAGNOSIS:
  ┌─ OK ─────────────────────────────────────────────────────────────────────┐
  │ Resolution succeeded and matches direct DNS. No discrepancy found.       │
  └──────────────────────────────────────────────────────────────────────────┘
== google.com ==
[gai] Simulating name resolution for "google.com"...

  (reality check via 168.63.129.16, systemd-resolved stub: true)

RESOLUTION PATH (simulated):
  1. Files          NOT FOUND
  2. Dns            FOUND  2607:f8b0:4005:80a::200e, 142.251.218.238

DIAGNOSIS:
  ┌─ NOTE ───────────────────────────────────────────────────────────────────┐
  │ The OS chain and a direct DNS query disagree: 2607:f8b0:4005:80a::200e,  │
  │ 142.251.218.238 vs 2607:f8b0:4005:817::200e, 142.251.218.142. Both       │
  │ answers came from DNS itself, so this isn't an earlier source            │
  │ (files/mdns) intercepting the name — it's more likely two separate       │
  │ queries landing on different anycast/GeoDNS edges, or a change between   │
  │ queries. If this persists for a name that should be static, that's worth │
  │ digging into further.                                                    │
  └──────────────────────────────────────────────────────────────────────────┘
== akamai.com ==
[gai] Simulating name resolution for "akamai.com"...

  (reality check via 168.63.129.16, systemd-resolved stub: true)

RESOLUTION PATH (simulated):
  1. Files          NOT FOUND
  2. Dns            FOUND  2600:1406:3a00:c::17d8:954e, 2600:1406:3a00:c::17d8:9546, 23.214.170.56, 23.214.170.41

DIAGNOSIS:
  ┌─ OK ─────────────────────────────────────────────────────────────────────┐
  │ Resolution succeeded and matches direct DNS. No discrepancy found.       │
  └──────────────────────────────────────────────────────────────────────────┘
== cloudfront.net ==
[gai] Simulating name resolution for "cloudfront.net"...

  (reality check via 168.63.129.16, systemd-resolved stub: true)

RESOLUTION PATH (simulated):
  1. Files          NOT FOUND
  2. Dns            NOT FOUND

DIAGNOSIS:
  ┌─ OK ─────────────────────────────────────────────────────────────────────┐
  │ Resolution failed through the full chain, and a direct DNS query agrees  │
  │ — this name doesn't resolve.                                             │
  └──────────────────────────────────────────────────────────────────────────┘
== fastly.net ==
[gai] Simulating name resolution for "fastly.net"...

  (reality check via 168.63.129.16, systemd-resolved stub: true)

RESOLUTION PATH (simulated):
  1. Files          NOT FOUND
  2. Dns            FOUND  2a04:4e42::262, 2a04:4e42:200::262, 2a04:4e42:400::262, 2a04:4e42:600::262, 151.101.1.6, 151.101.65.6, 151.101.129.6, 151.101.193.6

DIAGNOSIS:
  ┌─ OK ─────────────────────────────────────────────────────────────────────┐
  │ Resolution succeeded and matches direct DNS. No discrepancy found.       │
  └──────────────────────────────────────────────────────────────────────────┘
== netflix.com ==
[gai] Simulating name resolution for "netflix.com"...

  (reality check via 168.63.129.16, systemd-resolved stub: true)

RESOLUTION PATH (simulated):
  1. Files          NOT FOUND
  2. Dns            FOUND  2600:1f14:62a:de80:69a8:7b12:8e5f:855d, 2600:1f14:62a:de81:b848:82ee:2416:447e, 2600:1f14:62a:de82:822d:a423:9e4c:da8d, 52.38.7.83, 44.240.158.19, 44.242.13.161

DIAGNOSIS:
  ┌─ OK ─────────────────────────────────────────────────────────────────────┐
  │ Resolution succeeded and matches direct DNS. No discrepancy found.       │
  └──────────────────────────────────────────────────────────────────────────┘
== discord.com ==
[gai] Simulating name resolution for "discord.com"...

  (reality check via 168.63.129.16, systemd-resolved stub: true)

RESOLUTION PATH (simulated):
  1. Files          NOT FOUND
  2. Dns            FOUND  162.159.135.232, 162.159.138.232, 162.159.128.233, 162.159.136.232, 162.159.137.232

DIAGNOSIS:
  ┌─ OK ─────────────────────────────────────────────────────────────────────┐
  │ Resolution succeeded and matches direct DNS. No discrepancy found.       │
  └──────────────────────────────────────────────────────────────────────────┘
== 1.1.1.1.nip.io ==
[gai] Simulating name resolution for "1.1.1.1.nip.io"...

  (reality check via 168.63.129.16, systemd-resolved stub: true)

RESOLUTION PATH (simulated):
  1. Files          NOT FOUND
  2. Dns            FOUND  1.1.1.1

DIAGNOSIS:
  ┌─ OK ─────────────────────────────────────────────────────────────────────┐
  │ Resolution succeeded and matches direct DNS. No discrepancy found.       │
  └──────────────────────────────────────────────────────────────────────────┘
== localhost ==
[gai] Simulating name resolution for "localhost"...

  (reality check via 168.63.129.16, systemd-resolved stub: true)

RESOLUTION PATH (simulated):
  1. Files          FOUND  127.0.0.1, ::1

DIAGNOSIS:
  ┌─ OK ─────────────────────────────────────────────────────────────────────┐
  │ Resolution succeeded and matches direct DNS. No discrepancy found.       │
  └──────────────────────────────────────────────────────────────────────────┘
== a-record-only-test.example.com ==
[gai] Simulating name resolution for "a-record-only-test.example.com"...

  (reality check via 168.63.129.16, systemd-resolved stub: true)

RESOLUTION PATH (simulated):
  1. Files          NOT FOUND
  2. Dns            NOT FOUND

DIAGNOSIS:
  ┌─ OK ─────────────────────────────────────────────────────────────────────┐
  │ Resolution failed through the full chain, and a direct DNS query agrees  │
  │ — this name doesn't resolve.                                             │
  └──────────────────────────────────────────────────────────────────────────┘
== aaaa-only-test.example.com ==
[gai] Simulating name resolution for "aaaa-only-test.example.com"...

  (reality check via 168.63.129.16, systemd-resolved stub: true)

RESOLUTION PATH (simulated):
  1. Files          NOT FOUND
  2. Dns            NOT FOUND

DIAGNOSIS:
  ┌─ OK ─────────────────────────────────────────────────────────────────────┐
  │ Resolution failed through the full chain, and a direct DNS query agrees  │
  │ — this name doesn't resolve.                                             │
  └──────────────────────────────────────────────────────────────────────────┘
== ipv6.google.com ==
[gai] Simulating name resolution for "ipv6.google.com"...

  (reality check via 168.63.129.16, systemd-resolved stub: true)

RESOLUTION PATH (simulated):
  1. Files          NOT FOUND
  2. Dns            FOUND  2607:f8b0:4005:801::200e

DIAGNOSIS:
  ┌─ NOTE ───────────────────────────────────────────────────────────────────┐
  │ The OS chain and a direct DNS query disagree: 2607:f8b0:4005:801::200e   │
  │ vs 2607:f8b0:4005:806::200e. Both answers came from DNS itself, so this  │
  │ isn't an earlier source (files/mdns) intercepting the name — it's more   │
  │ likely two separate queries landing on different anycast/GeoDNS edges,   │
  │ or a change between queries. If this persists for a name that should be  │
  │ static, that's worth digging into further.                               │
  └──────────────────────────────────────────────────────────────────────────┘
== resolver-test.opendns.com ==
[gai] Simulating name resolution for "resolver-test.opendns.com"...

  (reality check via 168.63.129.16, systemd-resolved stub: true)

RESOLUTION PATH (simulated):
  1. Files          NOT FOUND
  2. Dns            NOT FOUND

DIAGNOSIS:
  ┌─ OK ─────────────────────────────────────────────────────────────────────┐
  │ Resolution failed through the full chain, and a direct DNS query agrees  │
  │ — this name doesn't resolve.                                             │
  └──────────────────────────────────────────────────────────────────────────┘
