== cloudflare.com ==
[gai] Simulating name resolution for "cloudflare.com"...

  (reality check via 168.63.129.16, systemd-resolved stub: true)

RESOLUTION PATH (simulated):
  1. Files          NOT FOUND
  2. Dns            FOUND  2606:4700::6810:84e5, 2606:4700::6810:85e5, 104.16.133.229, 104.16.132.229

DIAGNOSIS:
  ┌─ OK ─────────────────────────────────────────────────────────────────────┐
  │ Resolution succeeded and matches direct DNS. No discrepancy found.       │
  └──────────────────────────────────────────────────────────────────────────┘
== github.com ==
[gai] Simulating name resolution for "github.com"...

  (reality check via 168.63.129.16, systemd-resolved stub: true)

RESOLUTION PATH (simulated):
  1. Files          NOT FOUND
  2. Dns            FOUND  140.82.112.4

DIAGNOSIS:
  ┌─ OK ─────────────────────────────────────────────────────────────────────┐
  │ Resolution succeeded and matches direct DNS. No discrepancy found.       │
  └──────────────────────────────────────────────────────────────────────────┘
== google.com ==
[gai] Simulating name resolution for "google.com"...

  (reality check via 168.63.129.16, systemd-resolved stub: true)

RESOLUTION PATH (simulated):
  1. Files          NOT FOUND
  2. Dns            FOUND  2607:f8b0:4009:80e::200e, 142.251.34.238

DIAGNOSIS:
  ┌─ NOTE ───────────────────────────────────────────────────────────────────┐
  │ The OS chain and a direct DNS query disagree: 2607:f8b0:4009:80e::200e,  │
  │ 142.251.34.238 vs 2607:f8b0:4009:816::200e, 142.251.210.110. Both        │
  │ answers came from DNS itself, so this isn't an earlier source            │
  │ (files/mdns) intercepting the name — it's more likely two separate       │
  │ queries landing on different anycast/GeoDNS edges, or a change between   │
  │ queries. If this persists for a name that should be static, that's worth │
  │ digging into further.                                                    │
  └──────────────────────────────────────────────────────────────────────────┘
== akamai.com ==
[gai] Simulating name resolution for "akamai.com"...

  (reality check via 168.63.129.16, systemd-resolved stub: true)

RESOLUTION PATH (simulated):
  1. Files          NOT FOUND
  2. Dns            FOUND  2600:1407:3c00:17::1740:7290, 2600:1407:3c00:17::1740:7291, 23.47.72.12, 23.47.72.9

DIAGNOSIS:
  ┌─ OK ─────────────────────────────────────────────────────────────────────┐
  │ Resolution succeeded and matches direct DNS. No discrepancy found.       │
  └──────────────────────────────────────────────────────────────────────────┘
== cloudfront.net ==
[gai] Simulating name resolution for "cloudfront.net"...

  (reality check via 168.63.129.16, systemd-resolved stub: true)

RESOLUTION PATH (simulated):
  1. Files          NOT FOUND
  2. Dns            NOT FOUND

DIAGNOSIS:
  ┌─ OK ─────────────────────────────────────────────────────────────────────┐
  │ Resolution failed through the full chain, and a direct DNS query agrees  │
  │ — this name doesn't resolve.                                             │
  └──────────────────────────────────────────────────────────────────────────┘
== fastly.net ==
[gai] Simulating name resolution for "fastly.net"...

  (reality check via 168.63.129.16, systemd-resolved stub: true)

RESOLUTION PATH (simulated):
  1. Files          NOT FOUND
  2. Dns            FOUND  2a04:4e42::262, 2a04:4e42:200::262, 2a04:4e42:400::262, 2a04:4e42:600::262, 151.101.1.6, 151.101.65.6, 151.101.129.6, 151.101.193.6

DIAGNOSIS:
  ┌─ OK ─────────────────────────────────────────────────────────────────────┐
  │ Resolution succeeded and matches direct DNS. No discrepancy found.       │
  └──────────────────────────────────────────────────────────────────────────┘
== netflix.com ==
[gai] Simulating name resolution for "netflix.com"...

  (reality check via 168.63.129.16, systemd-resolved stub: true)

RESOLUTION PATH (simulated):
  1. Files          NOT FOUND
  2. Dns            FOUND  2600:1f18:631e:2f82:c8cd:27b2:ac:8dbf, 2600:1f18:631e:2f80:77e5:13a7:6533:7584, 2600:1f18:631e:2f84:ceae:e049:1e:6a96, 54.237.226.164, 3.230.129.93, 52.3.144.142

DIAGNOSIS:
  ┌─ OK ─────────────────────────────────────────────────────────────────────┐
  │ Resolution succeeded and matches direct DNS. No discrepancy found.       │
  └──────────────────────────────────────────────────────────────────────────┘
== discord.com ==
[gai] Simulating name resolution for "discord.com"...

  (reality check via 168.63.129.16, systemd-resolved stub: true)

RESOLUTION PATH (simulated):
  1. Files          NOT FOUND
  2. Dns            FOUND  162.159.137.232, 162.159.128.233, 162.159.135.232, 162.159.138.232, 162.159.136.232

DIAGNOSIS:
  ┌─ OK ─────────────────────────────────────────────────────────────────────┐
  │ Resolution succeeded and matches direct DNS. No discrepancy found.       │
  └──────────────────────────────────────────────────────────────────────────┘
== 1.1.1.1.nip.io ==
[gai] Simulating name resolution for "1.1.1.1.nip.io"...

  (reality check via 168.63.129.16, systemd-resolved stub: true)

RESOLUTION PATH (simulated):
  1. Files          NOT FOUND
  2. Dns            FOUND  1.1.1.1

DIAGNOSIS:
  ┌─ OK ─────────────────────────────────────────────────────────────────────┐
  │ Resolution succeeded and matches direct DNS. No discrepancy found.       │
  └──────────────────────────────────────────────────────────────────────────┘
== localhost ==
[gai] Simulating name resolution for "localhost"...

  (reality check via 168.63.129.16, systemd-resolved stub: true)

RESOLUTION PATH (simulated):
  1. Files          FOUND  127.0.0.1, ::1

DIAGNOSIS:
  ┌─ OK ─────────────────────────────────────────────────────────────────────┐
  │ Resolution succeeded and matches direct DNS. No discrepancy found.       │
  └──────────────────────────────────────────────────────────────────────────┘
== a-record-only-test.example.com ==
[gai] Simulating name resolution for "a-record-only-test.example.com"...

  (reality check via 168.63.129.16, systemd-resolved stub: true)

RESOLUTION PATH (simulated):
  1. Files          NOT FOUND
  2. Dns            NOT FOUND

DIAGNOSIS:
  ┌─ OK ─────────────────────────────────────────────────────────────────────┐
  │ Resolution failed through the full chain, and a direct DNS query agrees  │
  │ — this name doesn't resolve.                                             │
  └──────────────────────────────────────────────────────────────────────────┘
== aaaa-only-test.example.com ==
[gai] Simulating name resolution for "aaaa-only-test.example.com"...

  (reality check via 168.63.129.16, systemd-resolved stub: true)

RESOLUTION PATH (simulated):
  1. Files          NOT FOUND
  2. Dns            NOT FOUND

DIAGNOSIS:
  ┌─ OK ─────────────────────────────────────────────────────────────────────┐
  │ Resolution failed through the full chain, and a direct DNS query agrees  │
  │ — this name doesn't resolve.                                             │
  └──────────────────────────────────────────────────────────────────────────┘
== ipv6.google.com ==
[gai] Simulating name resolution for "ipv6.google.com"...

  (reality check via 168.63.129.16, systemd-resolved stub: true)

RESOLUTION PATH (simulated):
  1. Files          NOT FOUND
  2. Dns            FOUND  2607:f8b0:4009:80e::200e

DIAGNOSIS:
  ┌─ NOTE ───────────────────────────────────────────────────────────────────┐
  │ The OS chain and a direct DNS query disagree: 2607:f8b0:4009:80e::200e   │
  │ vs 2607:f8b0:4009:81c::200e. Both answers came from DNS itself, so this  │
  │ isn't an earlier source (files/mdns) intercepting the name — it's more   │
  │ likely two separate queries landing on different anycast/GeoDNS edges,   │
  │ or a change between queries. If this persists for a name that should be  │
  │ static, that's worth digging into further.                               │
  └──────────────────────────────────────────────────────────────────────────┘
== resolver-test.opendns.com ==
[gai] Simulating name resolution for "resolver-test.opendns.com"...

  (reality check via 168.63.129.16, systemd-resolved stub: true)

RESOLUTION PATH (simulated):
  1. Files          NOT FOUND
  2. Dns            NOT FOUND

DIAGNOSIS:
  ┌─ OK ─────────────────────────────────────────────────────────────────────┐
  │ Resolution failed through the full chain, and a direct DNS query agrees  │
  │ — this name doesn't resolve.                                             │
  └──────────────────────────────────────────────────────────────────────────┘
